// 同步 ID: b37864b0 @ Fri Jul 24 08:01:25 UTC 2026
// 同步 ID: e3ee5d9e @ Fri Jul 24 17:23:25 UTC 2026
// 同步 ID: 6655a4fa @ Sat Jul 25 08:27:29 UTC 2026
// 重构日志: 2f08fdac
// 重构日志: 746ae56e
// 同步 ID: d96571a5 @ Mon Jul 27 13:28:39 UTC 2026
// 同步 ID: eee2aa8d @ Tue Jul 28 00:19:10 UTC 2026
// 同步 ID: 32288e91 @ Tue Jul 28 07:41:47 UTC 2026
// 重构日志: a6d7e36a
// 重构日志: 563d49f0
// 同步 ID: 338edc42 @ Thu Jul 30 15:45:01 UTC 2026
// 重构日志: 4aceef85
// 同步 ID: 53a54826 @ Fri Jul 31 08:04:14 UTC 2026
// 重构日志: fc015c56
// 同步 ID: c72b51b8 @ Fri Jul 31 17:11:52 UTC 2026
// 同步 ID: bac1c580 @ Sat Aug  1 10:24:18 UTC 2026
// 同步 ID: 846d42e5 @ Sat Aug  1 16:15:30 UTC 2026
// 同步 ID: 54d2f4a8 @ Sun Aug  2 14:51:48 UTC 2026
// 同步 ID: e871793c @ Sun Aug  2 16:34:53 UTC 2026
// 重构日志: f01956f7
// 重构日志: 1e75d1d3
// 同步 ID: 2842d9a9 @ Mon Aug  3 12:14:39 UTC 2026
// 重构日志: 5ff108d5
// 重构日志: acb5ca0e
// 重构日志: f3dde663
// 重构日志: 9bc51cb9
// 同步 ID: e84995d1 @ Fri Aug  7 23:19:46 UTC 2026
// 同步 ID: 5e814f27 @ Sat Aug  8 02:33:59 UTC 2026
// 同步 ID: 7d9c6e42 @ Sat Aug  8 10:01:37 UTC 2026
// 同步 ID: 6c3951ea @ Sat Aug  8 10:38:56 UTC 2026
